[bradley.edu/academic/departments/csis/index.html]
[www.bradley.edu/global/images/facebook_defaultPreview_v2.0.delayed]
[backblue.gif]
[fade.gif]
[index.html]
[kit.fontawesome.com/56822513b0.js]
[connect.facebook.net/en_US/fbevents.js]
[sc-static.net/scevent.min.js]
[siteimproveanalytics.com/js/siteanalyze_67771434.js]
[cdn.rlets.com/capture_configs/74d/276/52a/0c54b239c141b2f5d8f289d.js]
[n527.bradley.edu/script.js]
[bradley.edu/academic/departments/csis/major/index.html]
[bradley.edu/academic/departments/csis/major/cs/index.html]
[bradley.edu/academic/departments/csis/major/cis/index.html]
[bradley.edu/academic/departments/csis/major/cgt/index.html]
[bradley.edu/academic/departments/csis/major/data/index.html]
[bradley.edu/academic/departments/csis/major/mobile/index.html]
[bradley.edu/academic/departments/csis/major/security/index.html]
[bradley.edu/academic/departments/csis/minor/index.html]
[bradley.edu/academic/departments/csis/minor/cgt/index.html]
[bradley.edu/academic/departments/csis/gradprograms/index.html]
[bradley.edu/academic/departments/csis/minor/ds/index.html]
[bradley.edu/academic/departments/csis/minor/csis/index.html]
[bradley.edu/academic/departments/csis/gradprograms/cs/index.html]
[bradley.edu/academic/departments/csis/gradprograms/cis/index.html]
[content.presspage.com/uploads/1873/e0665f6a-23c0-446a-b392-5d2eeb6b71c1/1920_plunketheartmixedrealityb7a7.png]
[bradley.edu/academic/departments/csis/gradprograms/dsacdsc/index.html]
[bradley.edu/academic/departments/csis/assets/img/CSIS-2-collaboration.svg]
[bradley.edu/academic/departments/csis/gradprograms/cgt/index.html]
[bradley.edu/academic/departments/csis/assets/img/CSIS-1-smallClasses.svg]
[apolloevents.rvaed.com/apolloevents.js]
[bradley.edu/academic/departments/csis/index.html]
[www.bradley.edu/global/images/facebook_defaultPreview_v2.html]
[bradley.edu/academic/departments/csis/gradprograms/cm/index.html]
[www.googletagmanager.com/gtm5445.html]
[bradley.edu/academic/departments/csis/gradprograms/emerging/index.html]
[bradley.edu/academic/departments/csis/gradprograms/mc/index.html]
[bradley.edu/academic/departments/csis/gradprograms/isddm/index.html]
[bradley.edu/academic/departments/csis/gradprograms/se/index.html]
[bradley.edu/academic/departments/csis/gradprograms/swcs/index.html]
[bradley.edu/academic/departments/csis/a]
[bradley.edu/academic/departments/csis/gradprograms/tcs/index.html]
[bradley.edu/academic/departments/csis/POST]
[bradley.edu/academic/departments/csis/b.resolvedLink]
[bradley.edu/academic/departments/csis/gradprograms/wts/index.html]
[bradley.edu/signals/iwl.js]
[connect.facebook.net/en_US/fbevents.js]
[bradley.edu/academic/departments/csis/major/index.html]
[bradley.edu/academic/departments/csis/major/cs/index.html]
[bradley.edu/academic/departments/csis/courses/index.html]
[bradley.edu/academic/departments/csis/major/cis/index.html]
[bradley.edu/academic/departments/csis/faqs/index.html]
[bradley.edu/academic/departments/csis/faculty/index.html]
[bradley.edu/academic/departments/csis/careers/index.html]
[bradley.edu/academic/departments/csis/major/cgt/index.html]
[bradley.edu/academic/departments/csis/major/data/index.html]
[bradley.edu/academic/departments/csis/major/mobile/index.html]
[bradley.edu/academic/departments/csis/major/security/index.html]
[bradley.edu/academic/departments/csis/minor/index.html]
[bradley.edu/academic/departments/csis/minor/cgt/index.html]
[bradley.edu/academic/departments/csis/minor/csis/index.html]
[bradley.edu/academic/departments/csis/minor/ds/index.html]
[bradley.edu/academic/departments/csis/gradprograms/index.html]
[bradley.edu/academic/departments/csis/gradprograms/cs/index.html]
[bradley.edu/academic/departments/csis/gradprograms/cis/index.html]
[bradley.edu/academic/departments/csis/gradprograms/dsacdsc/index.html]
[bradley.edu/academic/departments/csis/gradprograms/cgt/index.html]
[bradley.edu/academic/departments/csis/gradprograms/cm/index.html]
[bradley.edu/academic/departments/csis/gradprograms/emerging/index.html]
[bradley.edu/academic/departments/csis/gradprograms/isddm/index.html]
[bradley.edu/academic/departments/csis/gradprograms/mc/index.html]
[bradley.edu/academic/departments/csis/gradprograms/se/index.html]
[bradley.edu/academic/departments/csis/gradprograms/swcs/index.html]
[bradley.edu/academic/departments/csis/gradprograms/tcs/index.html]
[bradley.edu/academic/departments/csis/gradprograms/wts/index.html]
[bradley.edu/academic/departments/csis/courses/index.html]
[bradley.edu/academic/departments/csis/schema.org/index.html]
[bradley.edu/academic/departments/csis/gradprograms/computational-data-science/index.html]
[bradley.edu/academic/departments/csis/gradprograms/cs-online/index.html]
[bradley.edu/academic/departments/csis/faculty/profile24c9.html]
[bradley.edu/dotAsset/wang_yun.jpg]
[bradley.edu/academic/departments/csis/faculty/profile4320.html]
[bradley.edu/dotAsset/Abdelfattah_Sherif.jpg]
[bradley.edu/academic/departments/csis/faculty/profilec1b3.html]
[bradley.edu/dotAsset/Nawaz_Ali_G_G_Md.png]
[bradley.edu/academic/departments/csis/faculty/profiled822.html]
[bradley.edu/dotAsset/Baniya_Babu.jpg]
[bradley.edu/academic/departments/csis/faculty/profile3601.html]
[bradley.edu/dotAsset/Brennan_Dave.jpg]
[bradley.edu/academic/departments/csis/faculty/profile19c8.html]
[bradley.edu/dotAsset/Byerly_Adam.jpg]
[bradley.edu/academic/departments/csis/faculty/profile604a.html]
[bradley.edu/dotAsset/Du_Tony.jpg]
[bradley.edu/academic/departments/csis/faculty/profile299c.html]
[bradley.edu/dotAsset/Grichnik_Tony.jpg]
[bradley.edu/academic/departments/csis/faculty/profilec5f1.html]
[bradley.edu/dotAsset/Hawkins_Sam.jpg]
[bradley.edu/academic/departments/csis/faculty/profiled695.html]
[bradley.edu/dotAsset/Mahmud_Saifuddin.jpg]
[bradley.edu/academic/departments/csis/faculty/profilecc42.html]
[bradley.edu/dotAsset/Mandava_Lavanya.jpg]
[bradley.edu/academic/departments/csis/faculty/profilefd3d.html]
[bradley.edu/dotAsset/nikolopoulos_chris.jpg]
[bradley.edu/academic/departments/csis/faculty/profile18e9.html]
[bradley.edu/dotAsset/Khairunnesa_Samantha.jpg]
[bradley.edu/academic/departments/csis/faculty/profilef1ea.html]
[bradley.edu/dotAsset/Williams_Scott.jpg]
[bradley.edu/academic/departments/csis/faculty/profile9449.html]
[bradley.edu/dotAsset/Yang_Qin.jpg]
[bradley.edu/academic/departments/csis/faculty/profile4456.html]
[bradley.edu/dotAsset/Langston_Jennifer.jpg]
[bradley.edu/academic/departments/csis/faculty/profilee1b6.html]
[bradley.edu/dotAsset/Bauer_Katia_20230125.jpg]
[bradley.edu/academic/departments/csis/faculty/profileed0e.html]
[bradley.edu/dotAsset/AlHashemi_Rafeeq.jpg]
[bradley.edu/academic/departments/csis/faculty/profile1b79.html]
[bradley.edu/dotAsset/Applegren_Tim.jpg]
[bradley.edu/academic/departments/csis/faculty/profilecb31.html]
[bradley.edu/dotAsset/Duan_Jiwen.jpg]
[bradley.edu/academic/departments/csis/faculty/profilee020.html]
[bradley.edu/dotAsset/Feehan_James.jpg]
[bradley.edu/academic/departments/csis/faculty/profile9c43.html]
[bradley.edu/academic/departments/csis/faculty/profile2f1b.html]
[bradley.edu/academic/departments/csis/faculty/profile4eeb.html]
[bradley.edu/dotAsset/KrishnakumarDeepali.jpg]
[bradley.edu/academic/departments/csis/faculty/profile3696.html]
[bradley.edu/dotAsset/Nammalwar_Muthumari.jpg]
[bradley.edu/academic/departments/csis/faculty/index.html]
[bradley.edu/academic/departments/csis/faqs/index.html]
[bradley.edu/academic/departments/csis/careers/index.html]
[bradley.edu/academic/departments/csis/assets/img/CSIS-2-collaboration.svg]
[bradley.edu/academic/departments/csis/assets/img/CSIS-1-smallClasses.svg]
[bradley.edu/academic/departments/csis/a.html]
[bradley.edu/academic/departments/csis/POST.html]
[bradley.edu/academic/departments/csis/schema.org/index.html]
[bradley.edu/academic/departments/csis/b.html]
[bradley.edu/signals/iwl.html]
[bradley.edu/academic/departments/csis/gradprograms/computational-data-science/index.html]
[bradley.edu/academic/departments/csis/gradprograms/cs-online/index.html]
[bradley.edu/academic/departments/csis/faculty/profile24c9.html]
[bradley.edu/academic/departments/csis/faculty/profile4320.html]
[bradley.edu/academic/departments/csis/faculty/profilec1b3.html]
[bradley.edu/academic/departments/csis/faculty/profiled822.html]
[bradley.edu/academic/departments/csis/faculty/profile3601.html]
[bradley.edu/academic/departments/csis/faculty/profile19c8.html]
[bradley.edu/academic/departments/csis/faculty/profile604a.html]
[bradley.edu/academic/departments/csis/faculty/profile299c.html]
[bradley.edu/academic/departments/csis/faculty/profilec5f1.html]
[bradley.edu/academic/departments/csis/faculty/profiled695.html]
[bradley.edu/academic/departments/csis/faculty/profilecc42.html]
[bradley.edu/academic/departments/csis/faculty/profilefd3d.html]
[bradley.edu/academic/departments/csis/faculty/profile18e9.html]
[bradley.edu/academic/departments/csis/faculty/profilef1ea.html]
[bradley.edu/academic/departments/csis/faculty/profile9449.html]
[bradley.edu/academic/departments/csis/faculty/profile4456.html]
[bradley.edu/academic/departments/csis/faculty/profilee1b6.html]
[bradley.edu/academic/departments/csis/faculty/profileed0e.html]
[bradley.edu/academic/departments/csis/faculty/profile1b79.html]
[bradley.edu/academic/departments/csis/faculty/profilecb31.html]
[bradley.edu/academic/departments/csis/faculty/profilee020.html]
[bradley.edu/academic/departments/csis/faculty/profile9c43.html]
[bradley.edu/academic/departments/csis/faculty/profile2f1b.html]
[bradley.edu/academic/departments/csis/faculty/profile4eeb.html]
[bradley.edu/academic/departments/csis/faculty/profile3696.html]
